WARNING: Position Member of the National Assembly (Q17510786) not in boundary associated_wikidata_positions
WARNING: the district Muranga County (Q1781723) wasn't found in the boundary data for position Member of the National Assembly (Q17510786)
WARNING: the district Eldama Ravine Constituency (Q5353892) wasn't found in the boundary data for position Member of the National Assembly (Q17510786)
WARNING: the district North Imenti Constituency (Q7055691) wasn't found in the boundary data for position Member of the National Assembly (Q17510786)
WARNING: the district Taveta Constituency (Q7689082) wasn't found in the boundary data for position Member of the National Assembly (Q17510786)
WARNING: the district Kajiado East Constituency (Q47463454) wasn't found in the boundary data for position Member of the National Assembly (Q17510786)
WARNING: the district Wajir County (Q1852209) wasn't found in the boundary data for position Member of the National Assembly (Q17510786)
WARNING: the district Endebess Constituency (Q47463433) wasn't found in the boundary data for position Member of the National Assembly (Q17510786)
WARNING: the district Baringo South Constituency (Q47463444) wasn't found in the boundary data for position Member of the National Assembly (Q17510786)
WARNING: the district Lunga Lunga Constituency (Q47463406) wasn't found in the boundary data for position Member of the National Assembly (Q17510786)
WARNING: the district Nairobi County (Q3335223) wasn't found in the boundary data for position Member of the National Assembly (Q17510786)
WARNING: the district Kamukunji Constituency (Q6359828) wasn't found in the boundary data for position Member of the National Assembly (Q17510786)
WARNING: the district Eldas Constituency (Q47463412) wasn't found in the boundary data for position Member of the National Assembly (Q17510786)
WARNING: the district Kisumu Town East Constituency (Q6417349) wasn't found in the boundary data for position Member of the National Assembly (Q17510786)
WARNING: the district Kilifi County (Q1741307) wasn't found in the boundary data for position Member of the National Assembly (Q17510786)
WARNING: the district Homa Bay County (Q1625834) wasn't found in the boundary data for position Member of the National Assembly (Q17510786)
WARNING: the district Banissa Constituency (Q47463413) wasn't found in the boundary data for position Member of the National Assembly (Q17510786)
WARNING: the district Baringo County (Q808201) wasn't found in the boundary data for position Member of the National Assembly (Q17510786)
WARNING: the district Bomet County (Q891952) wasn't found in the boundary data for position Member of the National Assembly (Q17510786)
WARNING: the district Bungoma County (Q2928204) wasn't found in the boundary data for position Member of the National Assembly (Q17510786)
WARNING: the district Elgeyo-Marakwet County (Q15216433) wasn't found in the boundary data for position Member of the National Assembly (Q17510786)
WARNING: the district Embu County (Q1335242) wasn't found in the boundary data for position Member of the National Assembly (Q17510786)
WARNING: the district Garissa County (Q1494292) wasn't found in the boundary data for position Member of the National Assembly (Q17510786)
WARNING: the district Isiolo County (Q1499046) wasn't found in the boundary data for position Member of the National Assembly (Q17510786)
WARNING: the district Kajiado County (Q285072) wasn't found in the boundary data for position Member of the National Assembly (Q17510786)
WARNING: the district Kakamega County (Q1721867) wasn't found in the boundary data for position Member of the National Assembly (Q17510786)
WARNING: the district Kericho County (Q1739252) wasn't found in the boundary data for position Member of the National Assembly (Q17510786)
WARNING: the district Kiambu County (Q2575594) wasn't found in the boundary data for position Member of the National Assembly (Q17510786)
WARNING: the district Kirinyaga County (Q2230311) wasn't found in the boundary data for position Member of the National Assembly (Q17510786)
WARNING: the district Kisii County (Q1743730) wasn't found in the boundary data for position Member of the National Assembly (Q17510786)
WARNING: the district Kisumu County (Q1743809) wasn't found in the boundary data for position Member of the National Assembly (Q17510786)
WARNING: the district Kitui County (Q1722597) wasn't found in the boundary data for position Member of the National Assembly (Q17510786)
WARNING: the district Kwale County (Q952571) wasn't found in the boundary data for position Member of the National Assembly (Q17510786)
WARNING: the district Laikipia County (Q1800699) wasn't found in the boundary data for position Member of the National Assembly (Q17510786)
WARNING: the district Lamu County (Q1951652) wasn't found in the boundary data for position Member of the National Assembly (Q17510786)
WARNING: the district Machakos County (Q1882639) wasn't found in the boundary data for position Member of the National Assembly (Q17510786)
WARNING: the district Makueni County (Q473717) wasn't found in the boundary data for position Member of the National Assembly (Q17510786)
WARNING: the district Mandera County (Q1477874) wasn't found in the boundary data for position Member of the National Assembly (Q17510786)
WARNING: the district Marsabit County (Q1323683) wasn't found in the boundary data for position Member of the National Assembly (Q17510786)
WARNING: the district Meru County (Q15045704) wasn't found in the boundary data for position Member of the National Assembly (Q17510786)
WARNING: the district Migori District (Q429955) wasn't found in the boundary data for position Member of the National Assembly (Q17510786)
WARNING: the district Nakuru District (Q1852202) wasn't found in the boundary data for position Member of the National Assembly (Q17510786)
WARNING: the district Nandi District (Q1964569) wasn't found in the boundary data for position Member of the National Assembly (Q17510786)
WARNING: the district Narok County (Q1852220) wasn't found in the boundary data for position Member of the National Assembly (Q17510786)
WARNING: the district Nyamira District (Q1569613) wasn't found in the boundary data for position Member of the National Assembly (Q17510786)
WARNING: the district Nyandarua County (Q1714352) wasn't found in the boundary data for position Member of the National Assembly (Q17510786)
WARNING: the district Nyeri County (Q749665) wasn't found in the boundary data for position Member of the National Assembly (Q17510786)
WARNING: the district Samburu District (Q2096419) wasn't found in the boundary data for position Member of the National Assembly (Q17510786)
WARNING: the district Siaya County (Q3482913) wasn't found in the boundary data for position Member of the National Assembly (Q17510786)
WARNING: the district Taita–Taveta County (Q7193788) wasn't found in the boundary data for position Member of the National Assembly (Q17510786)
WARNING: the district Tana River County (Q383150) wasn't found in the boundary data for position Member of the National Assembly (Q17510786)
WARNING: the district Tharaka Nithi County (Q2189432) wasn't found in the boundary data for position Member of the National Assembly (Q17510786)
WARNING: the district Trans-Nzoia District (Q1278653) wasn't found in the boundary data for position Member of the National Assembly (Q17510786)
WARNING: the district Turkana County (Q1633078) wasn't found in the boundary data for position Member of the National Assembly (Q17510786)
WARNING: the district Uasin Gishu District (Q1121429) wasn't found in the boundary data for position Member of the National Assembly (Q17510786)
WARNING: the district Vihiga District (Q1313202) wasn't found in the boundary data for position Member of the National Assembly (Q17510786)
WARNING: the district West Pokot County (Q590860) wasn't found in the boundary data for position Member of the National Assembly (Q17510786)
WARNING: the district Webuye East Constituency (Q47463465) wasn't found in the boundary data for position Member of the National Assembly (Q17510786)
WARNING: the district Kilgoris Constituency (Q6406874) wasn't found in the boundary data for position Member of the National Assembly (Q17510786)
WARNING: the district Kapenguria Constituency (Q13640987) wasn't found in the boundary data for position Member of the National Assembly (Q17510786)
WARNING: the district Kanduyi Constituency (Q6361679) wasn't found in the boundary data for position Member of the National Assembly (Q17510786)
WARNING: the district Nakuru Town East Constituency (Q47463452) wasn't found in the boundary data for position Member of the National Assembly (Q17510786)
WARNING: the district Roysambu Constituency (Q47462592) wasn't found in the boundary data for position Member of the National Assembly (Q17510786)
WARNING: the district Narok South Constituency (Q6966109) wasn't found in the boundary data for position Member of the National Assembly (Q17510786)
WARNING: the district Cherangany Constituency (Q5091828) wasn't found in the boundary data for position Member of the National Assembly (Q17510786)
WARNING: the district Seme Constituency (Q47463473) wasn't found in the boundary data for position Member of the National Assembly (Q17510786)
WARNING: the district Changamwe Constituency (Q5071716) wasn't found in the boundary data for position Member of the National Assembly (Q17510786)
WARNING: the district Hamisi Constituency (Q5645412) wasn't found in the boundary data for position Member of the National Assembly (Q17510786)
WARNING: the district Nakuru Town West Constituency (Q47463451) wasn't found in the boundary data for position Member of the National Assembly (Q17510786)
WARNING: the district Kipipiri Constituency (Q13122881) wasn't found in the boundary data for position Member of the National Assembly (Q17510786)
WARNING: the district Narok North Constituency (Q6966106) wasn't found in the boundary data for position Member of the National Assembly (Q17510786)
WARNING: the district Ol Kalou Constituency (Q7082829) wasn't found in the boundary data for position Member of the National Assembly (Q17510786)
WARNING: the district Kesses Constituency (Q47463440) wasn't found in the boundary data for position Member of the National Assembly (Q17510786)
WARNING: the district Sabatia Constituency (Q7395935) wasn't found in the boundary data for position Member of the National Assembly (Q17510786)
WARNING: the district Kabuchai Constituency (Q47463464) wasn't found in the boundary data for position Member of the National Assembly (Q17510786)
WARNING: the district Matuga Constituency (Q6791957) wasn't found in the boundary data for position Member of the National Assembly (Q17510786)
WARNING: the district Embakasi North Constituency (Q47463494) wasn't found in the boundary data for position Member of the National Assembly (Q17510786)
WARNING: the district Bura Constituency (Q4998065) wasn't found in the boundary data for position Member of the National Assembly (Q17510786)
WARNING: the district Luanda Constituency (Q47463463) wasn't found in the boundary data for position Member of the National Assembly (Q17510786)
WARNING: the district Kieni Constituency (Q6405311) wasn't found in the boundary data for position Member of the National Assembly (Q17510786)
WARNING: the district Borabu Constituency (Q47463490) wasn't found in the boundary data for position Member of the National Assembly (Q17510786)
WARNING: the district Emurua Dikirr Constituency (Q19461591) wasn't found in the boundary data for position Member of the National Assembly (Q17510786)
WARNING: the district Jomvu Constituency (Q47463376) wasn't found in the boundary data for position Member of the National Assembly (Q17510786)
WARNING: the district Msambweni Constituency (Q6930119) wasn't found in the boundary data for position Member of the National Assembly (Q17510786)
WARNING: the district Embakasi West Constituency (Q47463499) wasn't found in the boundary data for position Member of the National Assembly (Q17510786)
WARNING: the district Dagoretti North Constituency (Q17048596) wasn't found in the boundary data for position Member of the National Assembly (Q17510786)
WARNING: the district Ainabkoi Constituency (Q47463438) wasn't found in the boundary data for position Member of the National Assembly (Q17510786)
WARNING: the district Ainamoi Constituency (Q4697387) wasn't found in the boundary data for position Member of the National Assembly (Q17510786)
WARNING: the district Aldai Constituency (Q4713420) wasn't found in the boundary data for position Member of the National Assembly (Q17510786)
WARNING: the district Alego Constituency (Q4714387) wasn't found in the boundary data for position Member of the National Assembly (Q17510786)
WARNING: the district Awendo Constituency (Q47463477) wasn't found in the boundary data for position Member of the National Assembly (Q17510786)
WARNING: the district Bahati Constituency (Q47463450) wasn't found in the boundary data for position Member of the National Assembly (Q17510786)
WARNING: the district Balambala Constituency (Q47463409) wasn't found in the boundary data for position Member of the National Assembly (Q17510786)
WARNING: the district Baringo Central Constituency (Q4860772) wasn't found in the boundary data for position Member of the National Assembly (Q17510786)
WARNING: the district Baringo North Constituency (Q4860776) wasn't found in the boundary data for position Member of the National Assembly (Q17510786)
WARNING: the district Belgut Constituency (Q4882701) wasn't found in the boundary data for position Member of the National Assembly (Q17510786)
WARNING: the district Bobasi Constituency (Q4934581) wasn't found in the boundary data for position Member of the National Assembly (Q17510786)
WARNING: the district Bomachoge Borabu Constituency (Q47463484) wasn't found in the boundary data for position Member of the National Assembly (Q17510786)
WARNING: the district Bomachoge Chache Constituency (Q47463485) wasn't found in the boundary data for position Member of the National Assembly (Q17510786)
WARNING: the district Bomet Central Constituency (Q47463457) wasn't found in the boundary data for position Member of the National Assembly (Q17510786)
WARNING: the district Bomet East Constituency (Q47463456) wasn't found in the boundary data for position Member of the National Assembly (Q17510786)
WARNING: the district Bonchari Constituency (Q4941238) wasn't found in the boundary data for position Member of the National Assembly (Q17510786)
WARNING: the district Bondo Constituency (Q4941430) wasn't found in the boundary data for position Member of the National Assembly (Q17510786)
WARNING: the district Budalangi Constituency (Q4984030) wasn't found in the boundary data for position Member of the National Assembly (Q17510786)
WARNING: the district Bumula Constituency (Q4997372) wasn't found in the boundary data for position Member of the National Assembly (Q17510786)
WARNING: the district Bureti Constituency (Q4998466) wasn't found in the boundary data for position Member of the National Assembly (Q17510786)
WARNING: the district Butere Constituency (Q5002502) wasn't found in the boundary data for position Member of the National Assembly (Q17510786)
WARNING: the district Butula Constituency (Q5003161) wasn't found in the boundary data for position Member of the National Assembly (Q17510786)
WARNING: the district Buuri Constituency (Q24236151) wasn't found in the boundary data for position Member of the National Assembly (Q17510786)
WARNING: the district Central Imenti Constituency (Q5061241) wasn't found in the boundary data for position Member of the National Assembly (Q17510786)
WARNING: the district Chepalungu Constituency (Q5091695) wasn't found in the boundary data for position Member of the National Assembly (Q17510786)
WARNING: the district Chesumei Constituency (Q47463442) wasn't found in the boundary data for position Member of the National Assembly (Q17510786)
WARNING: the district Chuka/Igambang'ombe Constituency (Q47463418) wasn't found in the boundary data for position Member of the National Assembly (Q17510786)
WARNING: the district Dadaab Constituency (Q47463410) wasn't found in the boundary data for position Member of the National Assembly (Q17510786)
WARNING: the district Dagoretti South Constituency (Q5208646) wasn't found in the boundary data for position Member of the National Assembly (Q17510786)
WARNING: the district Embakasi Central Constituency (Q47463496) wasn't found in the boundary data for position Member of the National Assembly (Q17510786)
WARNING: the district Embakasi East Constituency (Q47463497) wasn't found in the boundary data for position Member of the National Assembly (Q17510786)
WARNING: the district Embakasi South Constituency (Q47463492) wasn't found in the boundary data for position Member of the National Assembly (Q17510786)
WARNING: the district Emgwen Constituency (Q17085425) wasn't found in the boundary data for position Member of the National Assembly (Q17510786)
WARNING: the district Emuhaya Constituency (Q5374869) wasn't found in the boundary data for position Member of the National Assembly (Q17510786)
WARNING: the district Fafi Constituency (Q5429344) wasn't found in the boundary data for position Member of the National Assembly (Q17510786)
WARNING: the district Funyula Constituency (Q5509429) wasn't found in the boundary data for position Member of the National Assembly (Q17510786)
WARNING: the district Galole Constituency (Q5519275) wasn't found in the boundary data for position Member of the National Assembly (Q17510786)
WARNING: the district Ganze Constituency (Q5521558) wasn't found in the boundary data for position Member of the National Assembly (Q17510786)
WARNING: the district Garsen Constituency (Q5524277) wasn't found in the boundary data for position Member of the National Assembly (Q17510786)
WARNING: the district Gatanga Constituency (Q5526949) wasn't found in the boundary data for position Member of the National Assembly (Q17510786)
WARNING: the district Gatundu North Constituency (Q5527547) wasn't found in the boundary data for position Member of the National Assembly (Q17510786)
WARNING: the district Gatundu South Constituency (Q5527549) wasn't found in the boundary data for position Member of the National Assembly (Q17510786)
WARNING: the district Gem Constituency (Q5530554) wasn't found in the boundary data for position Member of the National Assembly (Q17510786)
WARNING: the district Gichugu Constituency (Q5559477) wasn't found in the boundary data for position Member of the National Assembly (Q17510786)
WARNING: the district Gilgil Constituency (Q47463447) wasn't found in the boundary data for position Member of the National Assembly (Q17510786)
WARNING: the district Githunguri Constituency (Q5565112) wasn't found in the boundary data for position Member of the National Assembly (Q17510786)
WARNING: the district Homa Bay Town Constituency (Q47463476) wasn't found in the boundary data for position Member of the National Assembly (Q17510786)
WARNING: the district Igembe Central Constituency (Q47463415) wasn't found in the boundary data for position Member of the National Assembly (Q17510786)
WARNING: the district Igembe North Constituency (Q5991642) wasn't found in the boundary data for position Member of the National Assembly (Q17510786)
WARNING: the district Igembe South Constituency (Q5991645) wasn't found in the boundary data for position Member of the National Assembly (Q17510786)
WARNING: the district Ijara Constituency (Q5995093) wasn't found in the boundary data for position Member of the National Assembly (Q17510786)
WARNING: the district Ikolomani Constituency (Q5996095) wasn't found in the boundary data for position Member of the National Assembly (Q17510786)
WARNING: the district Isiolo North Constituency (Q17088189) wasn't found in the boundary data for position Member of the National Assembly (Q17510786)
WARNING: the district Isiolo South Constituency (Q6081154) wasn't found in the boundary data for position Member of the National Assembly (Q17510786)
WARNING: the district Juja Constituency (Q6305268) wasn't found in the boundary data for position Member of the National Assembly (Q17510786)
WARNING: the district Kabete Constituency (Q17088410) wasn't found in the boundary data for position Member of the National Assembly (Q17510786)
WARNING: the district Kasipul Kabondo Constituency (Q6374553) wasn't found in the boundary data for position Member of the National Assembly (Q17510786)
WARNING: the district Kacheliba Constituency (Q6344643) wasn't found in the boundary data for position Member of the National Assembly (Q17510786)
WARNING: the district Kaiti Constituency (Q6348628) wasn't found in the boundary data for position Member of the National Assembly (Q17510786)
WARNING: the district Kajiado Central Constituency (Q6348981) wasn't found in the boundary data for position Member of the National Assembly (Q17510786)
WARNING: the district Kajiado North Constituency (Q6348987) wasn't found in the boundary data for position Member of the National Assembly (Q17510786)
WARNING: the district Kajiado South Constituency (Q6348985) wasn't found in the boundary data for position Member of the National Assembly (Q17510786)
WARNING: the district Kajiado West constituency (Q30687313) wasn't found in the boundary data for position Member of the National Assembly (Q17510786)
WARNING: the district Kaloleni Constituency (Q13123143) wasn't found in the boundary data for position Member of the National Assembly (Q17510786)
WARNING: the district Kangema Constituency (Q6362689) wasn't found in the boundary data for position Member of the National Assembly (Q17510786)
WARNING: the district Kangundo Constituency (Q13123144) wasn't found in the boundary data for position Member of the National Assembly (Q17510786)
WARNING: the district Kapseret Constituency (Q47463439) wasn't found in the boundary data for position Member of the National Assembly (Q17510786)
WARNING: the district Karachuonyo Constituency (Q6367802) wasn't found in the boundary data for position Member of the National Assembly (Q17510786)
WARNING: the district Kasarani Constituency (Q6374034) wasn't found in the boundary data for position Member of the National Assembly (Q17510786)
WARNING: the district Kasipul Constituency (Q47463474) wasn't found in the boundary data for position Member of the National Assembly (Q17510786)
WARNING: the district Keiyo North Constituency (Q6385295) wasn't found in the boundary data for position Member of the National Assembly (Q17510786)
WARNING: the district Keiyo South Constituency (Q17088491) wasn't found in the boundary data for position Member of the National Assembly (Q17510786)
WARNING: the district Khwisero Constituency (Q6403457) wasn't found in the boundary data for position Member of the National Assembly (Q17510786)
WARNING: the district Kiambaa Constituency (Q6403727) wasn't found in the boundary data for position Member of the National Assembly (Q17510786)
WARNING: the district Kiambu Constituency (Q47463427) wasn't found in the boundary data for position Member of the National Assembly (Q17510786)
WARNING: the district Kibra Constituency (Q22080473) wasn't found in the boundary data for position Member of the National Assembly (Q17510786)
WARNING: the district Kibwezi East Constituency (Q47463423) wasn't found in the boundary data for position Member of the National Assembly (Q17510786)
WARNING: the district Kibwezi West Constituency (Q47463422) wasn't found in the boundary data for position Member of the National Assembly (Q17510786)
WARNING: the district Kigumo Constituency (Q6405979) wasn't found in the boundary data for position Member of the National Assembly (Q17510786)
WARNING: the district Kiharu Constituency (Q6406003) wasn't found in the boundary data for position Member of the National Assembly (Q17510786)
WARNING: the district Kikuyu Constituency (Q6406448) wasn't found in the boundary data for position Member of the National Assembly (Q17510786)
WARNING: the district Kilifi North Constituency (Q18388215) wasn't found in the boundary data for position Member of the National Assembly (Q17510786)
WARNING: the district Kilifi South Constituency (Q47463407) wasn't found in the boundary data for position Member of the National Assembly (Q17510786)
WARNING: the district Kilome Constituency (Q6408123) wasn't found in the boundary data for position Member of the National Assembly (Q17510786)
WARNING: the district Kimilili Constituency (Q6410137) wasn't found in the boundary data for position Member of the National Assembly (Q17510786)
WARNING: the district Kiminini Constituency (Q47463434) wasn't found in the boundary data for position Member of the National Assembly (Q17510786)
WARNING: the district Kinango Constituency (Q6410376) wasn't found in the boundary data for position Member of the National Assembly (Q17510786)
WARNING: the district Kinangop Constituency (Q6410379) wasn't found in the boundary data for position Member of the National Assembly (Q17510786)
WARNING: the district Kipkelion East Constituency (Q22080475) wasn't found in the boundary data for position Member of the National Assembly (Q17510786)
WARNING: the district Kipkelion West Constituency (Q47463455) wasn't found in the boundary data for position Member of the National Assembly (Q17510786)
WARNING: the district Kirinyaga Central Constituency (Q6415320) wasn't found in the boundary data for position Member of the National Assembly (Q17510786)
WARNING: the district Kisauni Constituency (Q13123145) wasn't found in the boundary data for position Member of the National Assembly (Q17510786)
WARNING: the district Kisumu Central Constituency (Q47463472) wasn't found in the boundary data for position Member of the National Assembly (Q17510786)
WARNING: the district Kitui Central Constituency (Q10981053) wasn't found in the boundary data for position Member of the National Assembly (Q17510786)
WARNING: the district Kitui East Constituency (Q6943975) wasn't found in the boundary data for position Member of the National Assembly (Q17510786)
WARNING: the district Kitui Rural Constituency (Q47462466) wasn't found in the boundary data for position Member of the National Assembly (Q17510786)
WARNING: the district Kitui South Constituency (Q6418636) wasn't found in the boundary data for position Member of the National Assembly (Q17510786)
WARNING: the district Kitui West Constituency (Q6418638) wasn't found in the boundary data for position Member of the National Assembly (Q17510786)
WARNING: the district Kitutu Chache North Constituency (Q47463487) wasn't found in the boundary data for position Member of the National Assembly (Q17510786)
WARNING: the district Kitutu Masaba Constituency (Q6418659) wasn't found in the boundary data for position Member of the National Assembly (Q17510786)
WARNING: the district Konoin Constituency (Q6429614) wasn't found in the boundary data for position Member of the National Assembly (Q17510786)
WARNING: the district Kuresoi North Constituency (Q47463449) wasn't found in the boundary data for position Member of the National Assembly (Q17510786)
WARNING: the district Kuresoi South Constituency (Q47463448) wasn't found in the boundary data for position Member of the National Assembly (Q17510786)
WARNING: the district Kuria East Constituency (Q47463483) wasn't found in the boundary data for position Member of the National Assembly (Q17510786)
WARNING: the district Kuria West Constituency (Q47463481) wasn't found in the boundary data for position Member of the National Assembly (Q17510786)
WARNING: the district Kwanza Constituency (Q6450207) wasn't found in the boundary data for position Member of the National Assembly (Q17510786)
WARNING: the district Lafey Constituency (Q17088687) wasn't found in the boundary data for position Member of the National Assembly (Q17510786)
WARNING: the district Lagdera Constituency (Q11034978) wasn't found in the boundary data for position Member of the National Assembly (Q17510786)
WARNING: the district Laikipia East Constituency (Q6473833) wasn't found in the boundary data for position Member of the National Assembly (Q17510786)
WARNING: the district Laikipia North Constituency (Q47463445) wasn't found in the boundary data for position Member of the National Assembly (Q17510786)
WARNING: the district Laikipia West Constituency (Q6473834) wasn't found in the boundary data for position Member of the National Assembly (Q17510786)
WARNING: the district Laisamis Constituency (Q6474135) wasn't found in the boundary data for position Member of the National Assembly (Q17510786)
WARNING: the district Lamu East Constituency (Q6482731) wasn't found in the boundary data for position Member of the National Assembly (Q17510786)
WARNING: the district Lamu West Constituency (Q6482735) wasn't found in the boundary data for position Member of the National Assembly (Q17510786)
WARNING: the district Langata Constituency (Q6485732) wasn't found in the boundary data for position Member of the National Assembly (Q17510786)
WARNING: the district Lari Constituency (Q6489334) wasn't found in the boundary data for position Member of the National Assembly (Q17510786)
WARNING: the district Likoni Constituency (Q6547331) wasn't found in the boundary data for position Member of the National Assembly (Q17510786)
WARNING: the district Likuyani Constituency (Q47463458) wasn't found in the boundary data for position Member of the National Assembly (Q17510786)
WARNING: the district Limuru Constituency (Q10978796) wasn't found in the boundary data for position Member of the National Assembly (Q17510786)
WARNING: the district Loima Constituency (Q47463429) wasn't found in the boundary data for position Member of the National Assembly (Q17510786)
WARNING: the district Lugari Constituency (Q6699735) wasn't found in the boundary data for position Member of the National Assembly (Q17510786)
WARNING: the district Lurambi Constituency (Q6704894) wasn't found in the boundary data for position Member of the National Assembly (Q17510786)
WARNING: the district Magarini Constituency (Q6729713) wasn't found in the boundary data for position Member of the National Assembly (Q17510786)
WARNING: the district Makadara Constituency (Q6738586) wasn't found in the boundary data for position Member of the National Assembly (Q17510786)
WARNING: the district Makueni Constituency (Q6740441) wasn't found in the boundary data for position Member of the National Assembly (Q17510786)
WARNING: the district Malava Constituency (Q6741420) wasn't found in the boundary data for position Member of the National Assembly (Q17510786)
WARNING: the district Malindi Constituency (Q6743727) wasn't found in the boundary data for position Member of the National Assembly (Q17510786)
WARNING: the district Mandera East Constituency (Q6747984) wasn't found in the boundary data for position Member of the National Assembly (Q17510786)
WARNING: the district Mandera North Constituency (Q47463414) wasn't found in the boundary data for position Member of the National Assembly (Q17510786)
WARNING: the district Mandera South Constituency (Q47462269) wasn't found in the boundary data for position Member of the National Assembly (Q17510786)
WARNING: the district Mandera West Constituency (Q6747986) wasn't found in the boundary data for position Member of the National Assembly (Q17510786)
WARNING: the district Manyatta Constituency (Q6753394) wasn't found in the boundary data for position Member of the National Assembly (Q17510786)
WARNING: the district Maragua Constituency (Q6754641) wasn't found in the boundary data for position Member of the National Assembly (Q17510786)
WARNING: the district Marakwet East Constituency (Q6754698) wasn't found in the boundary data for position Member of the National Assembly (Q17510786)
WARNING: the district Marakwet West Constituency (Q6754691) wasn't found in the boundary data for position Member of the National Assembly (Q17510786)
WARNING: the district Masinga Constituency (Q6783288) wasn't found in the boundary data for position Member of the National Assembly (Q17510786)
WARNING: the district Matayos Constituency (Q24236285) wasn't found in the boundary data for position Member of the National Assembly (Q17510786)
WARNING: the district Mathare Constituency (Q47462553) wasn't found in the boundary data for position Member of the National Assembly (Q17510786)
WARNING: the district Mathioya Constituency (Q6787280) wasn't found in the boundary data for position Member of the National Assembly (Q17510786)
WARNING: the district Mathira Constituency (Q6787283) wasn't found in the boundary data for position Member of the National Assembly (Q17510786)
WARNING: the district Matungu Constituency (Q17089719) wasn't found in the boundary data for position Member of the National Assembly (Q17510786)
WARNING: the district Matungulu Constituency (Q17089728) wasn't found in the boundary data for position Member of the National Assembly (Q17510786)
WARNING: the district Mavoko Constituency (Q47463421) wasn't found in the boundary data for position Member of the National Assembly (Q17510786)
WARNING: the district Mbeere North Constituency (Q14475849) wasn't found in the boundary data for position Member of the National Assembly (Q17510786)
WARNING: the district Mbeere South Constituency (Q5516225) wasn't found in the boundary data for position Member of the National Assembly (Q17510786)
WARNING: the district Mbooni Constituency (Q6799757) wasn't found in the boundary data for position Member of the National Assembly (Q17510786)
WARNING: the district Mogotio Constituency (Q6890697) wasn't found in the boundary data for position Member of the National Assembly (Q17510786)
WARNING: the district Moiben Constituency (Q47463437) wasn't found in the boundary data for position Member of the National Assembly (Q17510786)
WARNING: the district Molo Constituency (Q6896735) wasn't found in the boundary data for position Member of the National Assembly (Q17510786)
WARNING: the district Mosop Constituency (Q6916414) wasn't found in the boundary data for position Member of the National Assembly (Q17510786)
WARNING: the district Moyale Constituency (Q6927587) wasn't found in the boundary data for position Member of the National Assembly (Q17510786)
WARNING: the district Mt. Elgon Constituency (Q6930268) wasn't found in the boundary data for position Member of the National Assembly (Q17510786)
WARNING: the district Muhoroni Constituency (Q13651057) wasn't found in the boundary data for position Member of the National Assembly (Q17510786)
WARNING: the district Mukurweini Constituency (Q6933680) wasn't found in the boundary data for position Member of the National Assembly (Q17510786)
WARNING: the district Mumias West Constituency (Q47463461) wasn't found in the boundary data for position Member of the National Assembly (Q17510786)
WARNING: the district Mvita Constituency (Q6944580) wasn't found in the boundary data for position Member of the National Assembly (Q17510786)
WARNING: the district Mwala Constituency (Q6944627) wasn't found in the boundary data for position Member of the National Assembly (Q17510786)
WARNING: the district Mwatate Constituency (Q6944699) wasn't found in the boundary data for position Member of the National Assembly (Q17510786)
WARNING: the district Mwea Constituency (Q6944711) wasn't found in the boundary data for position Member of the National Assembly (Q17510786)
WARNING: the district Mwingi Central Constituency (Q47463420) wasn't found in the boundary data for position Member of the National Assembly (Q17510786)
WARNING: the district Mwingi North Constituency (Q6944742) wasn't found in the boundary data for position Member of the National Assembly (Q17510786)
WARNING: the district Mwingi West Constituency (Q47463419) wasn't found in the boundary data for position Member of the National Assembly (Q17510786)
WARNING: the district Naivasha Constituency (Q6959832) wasn't found in the boundary data for position Member of the National Assembly (Q17510786)
WARNING: the district Nambale Constituency (Q6961369) wasn't found in the boundary data for position Member of the National Assembly (Q17510786)
WARNING: the district Nandi Hills Constituency (Q47463441) wasn't found in the boundary data for position Member of the National Assembly (Q17510786)
WARNING: the district Narok East Constituency (Q24236157) wasn't found in the boundary data for position Member of the National Assembly (Q17510786)
WARNING: the district Narok West Constituency (Q47463453) wasn't found in the boundary data for position Member of the National Assembly (Q17510786)
WARNING: the district Navakholo Constituency (Q47463460) wasn't found in the boundary data for position Member of the National Assembly (Q17510786)
WARNING: the district Ndhiwa Constituency (Q6983737) wasn't found in the boundary data for position Member of the National Assembly (Q17510786)
WARNING: the district Ndia Constituency (Q6983741) wasn't found in the boundary data for position Member of the National Assembly (Q17510786)
WARNING: the district Njoro Constituency (Q47463446) wasn't found in the boundary data for position Member of the National Assembly (Q17510786)
WARNING: the district North Mugirango Constituency (Q7056156) wasn't found in the boundary data for position Member of the National Assembly (Q17510786)
WARNING: the district Nyakach Constituency (Q7070809) wasn't found in the boundary data for position Member of the National Assembly (Q17510786)
WARNING: the district Nyando Constituency (Q7070870) wasn't found in the boundary data for position Member of the National Assembly (Q17510786)
WARNING: the district Nyaribari Chache Constituency (Q7070906) wasn't found in the boundary data for position Member of the National Assembly (Q17510786)
WARNING: the district Nyaribari Masaba Constituency (Q7070904) wasn't found in the boundary data for position Member of the National Assembly (Q17510786)
WARNING: the district Nyatike Constituency (Q7070932) wasn't found in the boundary data for position Member of the National Assembly (Q17510786)
WARNING: the district Nyeri Town Constituency (Q7071069) wasn't found in the boundary data for position Member of the National Assembly (Q17510786)
WARNING: the district Ol Jorok Constituency (Q47463424) wasn't found in the boundary data for position Member of the National Assembly (Q17510786)
WARNING: the district Othaya Constituency (Q7108562) wasn't found in the boundary data for position Member of the National Assembly (Q17510786)
WARNING: the district Pokot South Constituency (Q47462472) wasn't found in the boundary data for position Member of the National Assembly (Q17510786)
WARNING: the district Rabai Constituency (Q47463408) wasn't found in the boundary data for position Member of the National Assembly (Q17510786)
WARNING: the district Rangwe Constituency (Q7292934) wasn't found in the boundary data for position Member of the National Assembly (Q17510786)
WARNING: the district Rarieda Constituency (Q7294558) wasn't found in the boundary data for position Member of the National Assembly (Q17510786)
WARNING: the district Rongai Constituency (Q7365616) wasn't found in the boundary data for position Member of the National Assembly (Q17510786)
WARNING: the district Rongo Constituency (Q7365633) wasn't found in the boundary data for position Member of the National Assembly (Q17510786)
WARNING: the district Ruaraka Constituency (Q24236499) wasn't found in the boundary data for position Member of the National Assembly (Q17510786)
WARNING: the district Ruiru Constituency (Q47463426) wasn't found in the boundary data for position Member of the National Assembly (Q17510786)
WARNING: the district Runyenjes Constituency (Q7380154) wasn't found in the boundary data for position Member of the National Assembly (Q17510786)
WARNING: the district Saboti Constituency (Q7396314) wasn't found in the boundary data for position Member of the National Assembly (Q17510786)
WARNING: the district Saku Constituency (Q7403129) wasn't found in the boundary data for position Member of the National Assembly (Q17510786)
WARNING: the district Samburu East Constituency (Q7409117) wasn't found in the boundary data for position Member of the National Assembly (Q17510786)
WARNING: the district Samburu North Constituency (Q47463432) wasn't found in the boundary data for position Member of the National Assembly (Q17510786)
WARNING: the district Samburu West Constituency (Q7409120) wasn't found in the boundary data for position Member of the National Assembly (Q17510786)
WARNING: the district Shinyalu Constituency (Q7497839) wasn't found in the boundary data for position Member of the National Assembly (Q17510786)
WARNING: the district Sigor Constituency (Q7513096) wasn't found in the boundary data for position Member of the National Assembly (Q17510786)
WARNING: the district Sigowet–Soin Constituency (Q39087469) wasn't found in the boundary data for position Member of the National Assembly (Q17510786)
WARNING: the district Sirisia Constituency (Q7530345) wasn't found in the boundary data for position Member of the National Assembly (Q17510786)
WARNING: the district Sotik Constituency (Q7563993) wasn't found in the boundary data for position Member of the National Assembly (Q17510786)
WARNING: the district South Imenti Constituency (Q7567524) wasn't found in the boundary data for position Member of the National Assembly (Q17510786)
WARNING: the district South Mugirango Constituency (Q7568008) wasn't found in the boundary data for position Member of the National Assembly (Q17510786)
WARNING: the district Soy Constituency (Q47463435) wasn't found in the boundary data for position Member of the National Assembly (Q17510786)
WARNING: the district Suba North Constituency (Q6799698) wasn't found in the boundary data for position Member of the National Assembly (Q17510786)
WARNING: the district Subukia Constituency (Q7632288) wasn't found in the boundary data for position Member of the National Assembly (Q17510786)
WARNING: the district Suna East Constituency (Q47463479) wasn't found in the boundary data for position Member of the National Assembly (Q17510786)
WARNING: the district Suna West Constituency (Q47463480) wasn't found in the boundary data for position Member of the National Assembly (Q17510786)
WARNING: the district Tarbaj Constituency (Q47463411) wasn't found in the boundary data for position Member of the National Assembly (Q17510786)
WARNING: the district Teso North Constituency (Q47463468) wasn't found in the boundary data for position Member of the National Assembly (Q17510786)
WARNING: the district Teso South Constituency (Q47463470) wasn't found in the boundary data for position Member of the National Assembly (Q17510786)
WARNING: the district Tetu Constituency (Q7706991) wasn't found in the boundary data for position Member of the National Assembly (Q17510786)
WARNING: the district Tharaka Constituency (Q7710732) wasn't found in the boundary data for position Member of the National Assembly (Q17510786)
WARNING: the district Thika Town Constituency (Q47463425) wasn't found in the boundary data for position Member of the National Assembly (Q17510786)
WARNING: the district Tiaty Constituency (Q47463443) wasn't found in the boundary data for position Member of the National Assembly (Q17510786)
WARNING: the district Tigania East Constituency (Q7801321) wasn't found in the boundary data for position Member of the National Assembly (Q17510786)
WARNING: the district Tigania West Constituency (Q7801319) wasn't found in the boundary data for position Member of the National Assembly (Q17510786)
WARNING: the district Tinderet Constituency (Q7808048) wasn't found in the boundary data for position Member of the National Assembly (Q17510786)
WARNING: the district Turbo Constituency (Q47463436) wasn't found in the boundary data for position Member of the National Assembly (Q17510786)
WARNING: the district Turkana Central Constituency (Q17099533) wasn't found in the boundary data for position Member of the National Assembly (Q17510786)
WARNING: the district Turkana East Constituency (Q47463430) wasn't found in the boundary data for position Member of the National Assembly (Q17510786)
WARNING: the district Turkana North Constituency (Q7855019) wasn't found in the boundary data for position Member of the National Assembly (Q17510786)
WARNING: the district Turkana South Constituency (Q7855020) wasn't found in the boundary data for position Member of the National Assembly (Q17510786)
WARNING: the district Turkana West Constituency (Q47463428) wasn't found in the boundary data for position Member of the National Assembly (Q17510786)
WARNING: the district Ugenya Constituency (Q7877730) wasn't found in the boundary data for position Member of the National Assembly (Q17510786)
WARNING: the district Ugunja Constituency (Q47463471) wasn't found in the boundary data for position Member of the National Assembly (Q17510786)
WARNING: the district Uriri Constituency (Q7900644) wasn't found in the boundary data for position Member of the National Assembly (Q17510786)
WARNING: the district Vihiga Constituency (Q7929042) wasn't found in the boundary data for position Member of the National Assembly (Q17510786)
WARNING: the district Voi Constituency (Q7939444) wasn't found in the boundary data for position Member of the National Assembly (Q17510786)
WARNING: the district Wajir East Constituency (Q7960716) wasn't found in the boundary data for position Member of the National Assembly (Q17510786)
WARNING: the district Wajir North Constituency (Q7960717) wasn't found in the boundary data for position Member of the National Assembly (Q17510786)
WARNING: the district Wajir South Constituency (Q7960719) wasn't found in the boundary data for position Member of the National Assembly (Q17510786)
WARNING: the district Wajir West Constituency (Q7960720) wasn't found in the boundary data for position Member of the National Assembly (Q17510786)
WARNING: the district Webuye West Constituency (Q47463466) wasn't found in the boundary data for position Member of the National Assembly (Q17510786)
WARNING: the district West Mugirango Constituency (Q7986042) wasn't found in the boundary data for position Member of the National Assembly (Q17510786)
WARNING: the district Wundanyi Constituency (Q8039242) wasn't found in the boundary data for position Member of the National Assembly (Q17510786)
WARNING: the district Yatta Constituency (Q8050290) wasn't found in the boundary data for position Member of the National Assembly (Q17510786)
WARNING: the district Tongaren Constituency (Q47463467) wasn't found in the boundary data for position Member of the National Assembly (Q17510786)
WARNING: the district Starehe Constituency (Q7601801) wasn't found in the boundary data for position Member of the National Assembly (Q17510786)
WARNING: the district Ndaragwa Constituency (Q6983699) wasn't found in the boundary data for position Member of the National Assembly (Q17510786)
WARNING: the district Kisumu Town West Constituency (Q6417350) wasn't found in the boundary data for position Member of the National Assembly (Q17510786)
WARNING: the district Machakos Town Constituency (Q13123147) wasn't found in the boundary data for position Member of the National Assembly (Q17510786)
WARNING: Position Member of the Senate of Kenya (Q18555726) not in boundary associated_wikidata_positions
WARNING: the district Garissa County (Q1494292) wasn't found in the boundary data for position Member of the Senate of Kenya (Q18555726)
WARNING: the district West Pokot County (Q590860) wasn't found in the boundary data for position Member of the Senate of Kenya (Q18555726)
WARNING: the district Homa Bay County (Q1625834) wasn't found in the boundary data for position Member of the Senate of Kenya (Q18555726)
WARNING: the district Muranga County (Q1781723) wasn't found in the boundary data for position Member of the Senate of Kenya (Q18555726)
WARNING: the district Nairobi County (Q3335223) wasn't found in the boundary data for position Member of the Senate of Kenya (Q18555726)
WARNING: the district Elgeyo-Marakwet County (Q15216433) wasn't found in the boundary data for position Member of the Senate of Kenya (Q18555726)
WARNING: the district Kisii County (Q1743730) wasn't found in the boundary data for position Member of the Senate of Kenya (Q18555726)
WARNING: the district Mandera County (Q1477874) wasn't found in the boundary data for position Member of the Senate of Kenya (Q18555726)
WARNING: the district Laikipia County (Q1800699) wasn't found in the boundary data for position Member of the Senate of Kenya (Q18555726)
WARNING: the district Busia County (Q1017519) wasn't found in the boundary data for position Member of the Senate of Kenya (Q18555726)
WARNING: the district Tharaka Nithi County (Q2189432) wasn't found in the boundary data for position Member of the Senate of Kenya (Q18555726)
WARNING: the district Kajiado County (Q285072) wasn't found in the boundary data for position Member of the Senate of Kenya (Q18555726)
WARNING: the district Nandi District (Q1964569) wasn't found in the boundary data for position Member of the Senate of Kenya (Q18555726)
WARNING: the district Wajir County (Q1852209) wasn't found in the boundary data for position Member of the Senate of Kenya (Q18555726)
WARNING: the district Tana River County (Q383150) wasn't found in the boundary data for position Member of the Senate of Kenya (Q18555726)
WARNING: the district Migori District (Q429955) wasn't found in the boundary data for position Member of the Senate of Kenya (Q18555726)
WARNING: the district Kirinyaga County (Q2230311) wasn't found in the boundary data for position Member of the Senate of Kenya (Q18555726)
WARNING: the district Trans-Nzoia District (Q1278653) wasn't found in the boundary data for position Member of the Senate of Kenya (Q18555726)
WARNING: the district Isiolo County (Q1499046) wasn't found in the boundary data for position Member of the Senate of Kenya (Q18555726)
WARNING: the district Kericho County (Q1739252) wasn't found in the boundary data for position Member of the Senate of Kenya (Q18555726)
WARNING: the district Nyeri County (Q749665) wasn't found in the boundary data for position Member of the Senate of Kenya (Q18555726)
WARNING: the district Nakuru District (Q1852202) wasn't found in the boundary data for position Member of the Senate of Kenya (Q18555726)
WARNING: the district Kwale County (Q952571) wasn't found in the boundary data for position Member of the Senate of Kenya (Q18555726)
WARNING: the district Nyandarua County (Q1714352) wasn't found in the boundary data for position Member of the Senate of Kenya (Q18555726)
WARNING: the district Taita–Taveta County (Q7193788) wasn't found in the boundary data for position Member of the Senate of Kenya (Q18555726)
WARNING: the district Turkana County (Q1633078) wasn't found in the boundary data for position Member of the Senate of Kenya (Q18555726)
WARNING: the district Kisumu County (Q1743809) wasn't found in the boundary data for position Member of the Senate of Kenya (Q18555726)
WARNING: the district Kiambu County (Q2575594) wasn't found in the boundary data for position Member of the Senate of Kenya (Q18555726)
WARNING: the district Kitui County (Q1722597) wasn't found in the boundary data for position Member of the Senate of Kenya (Q18555726)
WARNING: the district Machakos County (Q1882639) wasn't found in the boundary data for position Member of the Senate of Kenya (Q18555726)
WARNING: the district Kilifi County (Q1741307) wasn't found in the boundary data for position Member of the Senate of Kenya (Q18555726)
WARNING: the district Baringo County (Q808201) wasn't found in the boundary data for position Member of the Senate of Kenya (Q18555726)
WARNING: the district Makueni County (Q473717) wasn't found in the boundary data for position Member of the Senate of Kenya (Q18555726)
WARNING: the district Kakamega County (Q1721867) wasn't found in the boundary data for position Member of the Senate of Kenya (Q18555726)
WARNING: the district Bomet County (Q891952) wasn't found in the boundary data for position Member of the Senate of Kenya (Q18555726)
WARNING: the district Samburu District (Q2096419) wasn't found in the boundary data for position Member of the Senate of Kenya (Q18555726)
WARNING: the district Marsabit County (Q1323683) wasn't found in the boundary data for position Member of the Senate of Kenya (Q18555726)
WARNING: the district Lamu County (Q1951652) wasn't found in the boundary data for position Member of the Senate of Kenya (Q18555726)
WARNING: the district Nyamira District (Q1569613) wasn't found in the boundary data for position Member of the Senate of Kenya (Q18555726)
WARNING: the district Mombasa County (Q1112885) wasn't found in the boundary data for position Member of the Senate of Kenya (Q18555726)
WARNING: the district Meru County (Q15045704) wasn't found in the boundary data for position Member of the Senate of Kenya (Q18555726)
WARNING: the district Vihiga District (Q1313202) wasn't found in the boundary data for position Member of the Senate of Kenya (Q18555726)
WARNING: the district Siaya County (Q3482913) wasn't found in the boundary data for position Member of the Senate of Kenya (Q18555726)
WARNING: the district Uasin Gishu District (Q1121429) wasn't found in the boundary data for position Member of the Senate of Kenya (Q18555726)
WARNING: the district Narok County (Q1852220) wasn't found in the boundary data for position Member of the Senate of Kenya (Q18555726)
WARNING: the district Embu County (Q1335242) wasn't found in the boundary data for position Member of the Senate of Kenya (Q18555726)
WARNING: the district Bungoma County (Q2928204) wasn't found in the boundary data for position Member of the Senate of Kenya (Q18555726)
